[0, 168]
[0, 169]
[1, 168]
[1, 169]
[2, 168]
[2, 169]
[3, 168]
[3, 169]
[4, 168]
[4, 169]
[5, 168]
[5, 169]
[6, 168]
[6, 169]
[7, 168]
[7, 169]
[8, 168]
[8, 169]
[9, 168]
[9, 169]
[10, 168]
[10, 169]
[11, 168]
[11, 169]
[12, 168]
[12, 169]
[13, 168]
[13, 169]
[14, 168]
[14, 169]
[15, 168]
[15, 169]
[16, 168]
[16, 169]
[17, 168]
[17, 169]
[18, 168]
[18, 169]
[19, 168]
[19, 169]
[20, 168]
[20, 169]
[21, 168]
[21, 169]
[22, 168]
[22, 169]
[23, 168]
[23, 169]
[24, 168]
[24, 169]
[25, 168]
[25, 169]
[26, 168]
[26, 169]
[27, 168]
[27, 169]
[28, 168]
[28, 169]
[29, 168]
[29, 169]
[30, 168]
[30, 169]
[31, 168]
[31, 169]
[32, 168]
[32, 169]
[33, 168]
[33, 169]
[34, 168]
[34, 169]
[35, 168]
[35, 169]
[36, 168]
[36, 169]
[37, 168]
[37, 169]
[38, 168]
[38, 169]
[39, 168]
[39, 169]
[40, 168]
[40, 169]
[41, 168]
[41, 169]
[42, 168]
[42, 169]
[43, 168]
[43, 169]
[44, 168]
[44, 169]
[45, 168]
[45, 169]
[46, 168]
[46, 169]
[47, 168]
[47, 169]
[48, 168]
[48, 169]
[49, 168]
[49, 169]
[50, 168]
[50, 169]
[51, 168]
[51, 169]
[52, 168]
[52, 169]
[53, 168]
[53, 169]
[54, 168]
[54, 169]
[55, 168]
[55, 169]
[56, 168]
[56, 169]
[57, 168]
[57, 169]
[58, 168]
[58, 169]
[59, 168]
[59, 169]
[60, 168]
[60, 169]
[61, 168]
[61, 169]
[62, 168]
[62, 169]
[63, 168]
[63, 169]
[64, 168]
[64, 169]
[65, 168]
[65, 169]
[66, 168]
[66, 169]
[67, 168]
[67, 169]
[68, 168]
[68, 169]
[69, 168]
[69, 169]
[70, 168]
[70, 169]
[71, 168]
[71, 169]
[72, 168]
[72, 169]
[73, 168]
[73, 169]
[74, 168]
[74, 169]
[75, 168]
[75, 169]
[76, 168]
[76, 169]
[77, 168]
[77, 169]
[78, 168]
[78, 169]
[79, 168]
[79, 169]
[80, 168]
[80, 169]
[81, 168]
[81, 169]
[82, 168]
[82, 169]
[83, 168]
[83, 169]
[84, 168]
[84, 169]
[85, 168]
[85, 169]
[86, 168]
[86, 169]
[87, 168]
[87, 169]
[88, 168]
[88, 169]
[89, 168]
[89, 169]
[90, 168]
[90, 169]
[91, 168]
[91, 169]
[92, 168]
[92, 169]
[93, 168]
[93, 169]
[94, 168]
[94, 169]
[95, 168]
[95, 169]
[96, 168]
[96, 169]
[97, 168]
[97, 169]
[98, 168]
[98, 169]
[99, 168]
[99, 169]
[100, 168]
[100, 169]
[101, 168]
[101, 169]
[102, 168]
[102, 169]
[103, 168]
[103, 169]
[104, 168]
[104, 169]
[105, 168]
[105, 169]
[106, 168]
[106, 169]
[107, 168]
[107, 169]
[108, 168]
[108, 169]
[109, 168]
[109, 169]
[110, 168]
[110, 169]
[111, 168]
[111, 169]
[112, 168]
[112, 169]
[113, 168]
[113, 169]
[114, 168]
[114, 169]
[115, 168]
[115, 169]
[116, 168]
[116, 169]
[117, 168]
[117, 169]
[118, 168]
[118, 169]
[119, 168]
[119, 169]
[120, 168]
[120, 169]
[121, 168]
[121, 169]
[122, 168]
[122, 169]
[123, 168]
[123, 169]
[124, 168]
[124, 169]
[125, 168]
[125, 169]
[126, 168]
[126, 169]
[127, 168]
[127, 169]
[128, 168]
[128, 169]
[129, 168]
[129, 169]
[130, 168]
[130, 169]
[131, 168]
[131, 169]
[132, 168]
[132, 169]
[133, 168]
[133, 169]
[134, 168]
[134, 169]
[135, 168]
[135, 169]
[136, 168]
[136, 169]
[137, 168]
[137, 169]
[138, 168]
[138, 169]
[139, 168]
[139, 169]
[140, 168]
[140, 169]
[141, 168]
[141, 169]
[142, 168]
[142, 169]
[143, 168]
[143, 169]
[144, 168]
[144, 169]
[145, 168]
[145, 169]
[146, 168]
[146, 169]
[147, 168]
[147, 169]
[148, 168]
[148, 169]
[149, 168]
[149, 169]
[150, 168]
[150, 169]
[151, 168]
[151, 169]
[152, 168]
[152, 169]
[153, 168]
[153, 169]
[154, 168]
[154, 169]
[155, 168]
[155, 169]
[156, 168]
[156, 169]
[157, 168]
[157, 169]
[158, 168]
[158, 169]
[159, 168]
[159, 169]
[160, 168]
[160, 169]
[161, 168]
[161, 169]
[162, 168]
[162, 169]
[163, 168]
[163, 169]
[164, 168]
[164, 169]
[165, 168]
[165, 169]
[166, 168]
[166, 169]
[167, 168]
[167, 169]
[168, 168]
[168, 169]
[169, 168]
[169, 169]
[170, 168]
[170, 169]
[171, 168]
[171, 169]
[172, 168]
[172, 169]
[173, 168]
[173, 169]
[174, 168]
[174, 169]
[175, 168]
[175, 169]
[176, 168]
[176, 169]
[177, 168]
[177, 169]
[178, 168]
[178, 169]
[179, 168]
[179, 169]
[180, 168]
[180, 169]
[181, 168]
[181, 169]
[182, 168]
[182, 169]
[183, 168]
[183, 169]
[184, 168]
[184, 169]
[185, 168]
[185, 169]
[186, 168]
[186, 169]
[187, 168]
[187, 169]
[188, 168]
[188, 169]
[189, 168]
[189, 169]
[190, 168]
[190, 169]
[191, 168]
[191, 169]
[192, 168]
[192, 169]
[193, 168]
[193, 169]
[194, 168]
[194, 169]
[195, 168]
[195, 169]
[196, 168]
[196, 169]
[197, 168]
[197, 169]
[198, 168]
[198, 169]
[199, 168]
[199, 169]
[200, 168]
[200, 169]
[201, 168]
[201, 169]
[202, 168]
[202, 169]
[203, 168]
[203, 169]
[204, 168]
[204, 169]
[205, 168]
[205, 169]
[206, 168]
[206, 169]
[207, 168]
[207, 169]
[208, 168]
[208, 169]
[209, 168]
[209, 169]
[210, 168]
[210, 169]
[211, 168]
[211, 169]
[212, 168]
[212, 169]
[213, 168]
[213, 169]
[214, 168]
[214, 169]
[215, 168]
[215, 169]
[216, 168]
[216, 169]
[217, 168]
[217, 169]
[218, 168]
[218, 169]
[219, 168]
[219, 169]
[220, 168]
[220, 169]
[221, 168]
[221, 169]
[222, 168]
[222, 169]
[223, 168]
[223, 169]
[224, 168]
[224, 169]
[225, 168]
[225, 169]
[226, 168]
[226, 169]
[227, 168]
[227, 169]
[228, 168]
[228, 169]
[229, 168]
[229, 169]
[230, 168]
[230, 169]
[231, 168]
[231, 169]
[232, 168]
[232, 169]
[233, 168]
[233, 169]
[234, 168]
[234, 169]
[235, 168]
[235, 169]
[236, 168]
[236, 169]
[237, 168]
[237, 169]
[238, 168]
[238, 169]
[239, 168]
[239, 169]
[240, 168]
[240, 169]
[241, 168]
[241, 169]
[242, 168]
[242, 169]
[243, 168]
[243, 169]
[244, 168]
[244, 169]
[245, 168]
[245, 169]
[246, 168]
[246, 169]
[247, 168]
[247, 169]
[248, 168]
[248, 169]
[249, 168]
[249, 169]
[250, 168]
[250, 169]
[251, 168]
[251, 169]
[252, 168]
[252, 169]
[253, 168]
[253, 169]
[254, 168]
[254, 169]
[255, 168]
[255, 169]
[256, 168]
[256, 169]
[257, 168]
[257, 169]
[258, 168]
[258, 169]
[259, 168]
[259, 169]
[260, 168]
[260, 169]
[261, 168]
[261, 169]
[262, 168]
[262, 169]
[263, 168]
[263, 169]
[264, 168]
[264, 169]
[265, 168]
[265, 169]
[266, 168]
[266, 169]
[267, 168]
[267, 169]
[268, 168]
[268, 169]
[269, 168]
[269, 169]
[270, 168]
[270, 169]
[271, 168]
[271, 169]
[272, 168]
[272, 169]
[273, 168]
[273, 169]
[274, 168]
[274, 169]
[275, 168]
[275, 169]
[276, 168]
[276, 169]
[277, 168]
[277, 169]
[278, 168]
[278, 169]
[279, 168]
[279, 169]
[280, 168]
[280, 169]
[281, 168]
[281, 169]
[282, 168]
[282, 169]
[283, 168]
[283, 169]
[284, 168]
[284, 169]
[285, 168]
[285, 169]
[286, 168]
[286, 169]
[287, 168]
[287, 169]
[288, 168]
[288, 169]
[289, 168]
[289, 169]
[290, 168]
[290, 169]
[291, 168]
[291, 169]
[292, 168]
[292, 169]
[293, 168]
[293, 169]
[294, 168]
[294, 169]
[295, 168]
[295, 169]
[296, 168]
[296, 169]
[297, 168]
[297, 169]
[298, 168]
[298, 169]
[299, 168]
[299, 169]
[300, 168]
[300, 169]
[301, 168]
[301, 169]
[302, 168]
[302, 169]
[303, 168]
[303, 169]
[304, 168]
[304, 169]
[305, 168]
[305, 169]
[306, 168]
[306, 169]
[307, 168]
[307, 169]
[308, 168]
[308, 169]
[309, 168]
[309, 169]
[310, 168]
[310, 169]
[311, 168]
[311, 169]
[312, 168]
[312, 169]
[313, 168]
[313, 169]
[314, 168]
[314, 169]
[315, 168]
[315, 169]
[316, 168]
[316, 169]
[317, 168]
[317, 169]
[318, 168]
[318, 169]
[319, 168]
[319, 169]
[320, 168]
[320, 169]
[321, 168]
[321, 169]
[322, 168]
[322, 169]
[323, 168]
[323, 169]
[324, 168]
[324, 169]
[325, 168]
[325, 169]
[326, 168]
[326, 169]
[327, 168]
[327, 169]
[328, 168]
[328, 169]
[329, 168]
[329, 169]
[330, 168]
[330, 169]
[331, 168]
[331, 169]
[332, 168]
[332, 169]
[333, 168]
[333, 169]
